stm32f4xx_hal_usart.c:299:19:HAL_USART_Init	16	static
stm32f4xx_hal_usart.c:358:19:HAL_USART_DeInit	16	static
stm32f4xx_hal_usart.c:401:13:HAL_USART_MspInit	16	static
stm32f4xx_hal_usart.c:416:13:HAL_USART_MspDeInit	16	static
stm32f4xx_hal_usart.c:749:19:HAL_USART_Transmit	48	static
stm32f4xx_hal_usart.c:838:19:HAL_USART_Receive	48	static
stm32f4xx_hal_usart.c:939:19:HAL_USART_TransmitReceive	56	static
stm32f4xx_hal_usart.c:1079:19:HAL_USART_Transmit_IT	24	static
stm32f4xx_hal_usart.c:1132:19:HAL_USART_Receive_IT	24	static
stm32f4xx_hal_usart.c:1182:19:HAL_USART_TransmitReceive_IT	24	static
stm32f4xx_hal_usart.c:1238:19:HAL_USART_Transmit_DMA	32	static
stm32f4xx_hal_usart.c:1305:19:HAL_USART_Receive_DMA	32	static
stm32f4xx_hal_usart.c:1400:19:HAL_USART_TransmitReceive_DMA	32	static
stm32f4xx_hal_usart.c:1488:19:HAL_USART_DMAPause	16	static
stm32f4xx_hal_usart.c:1508:19:HAL_USART_DMAResume	16	static
stm32f4xx_hal_usart.c:1528:19:HAL_USART_DMAStop	24	static
stm32f4xx_hal_usart.c:1585:19:HAL_USART_Abort	16	static
stm32f4xx_hal_usart.c:1651:19:HAL_USART_Abort_IT	24	static
stm32f4xx_hal_usart.c:1770:6:HAL_USART_IRQHandler	40	static
stm32f4xx_hal_usart.c:1932:13:HAL_USART_TxCpltCallback	16	static
stm32f4xx_hal_usart.c:1947:13:HAL_USART_TxHalfCpltCallback	16	static
stm32f4xx_hal_usart.c:1962:13:HAL_USART_RxCpltCallback	16	static
stm32f4xx_hal_usart.c:1977:13:HAL_USART_RxHalfCpltCallback	16	static
stm32f4xx_hal_usart.c:1992:13:HAL_USART_TxRxCpltCallback	16	static
stm32f4xx_hal_usart.c:2007:13:HAL_USART_ErrorCallback	16	static
stm32f4xx_hal_usart.c:2021:13:HAL_USART_AbortCpltCallback	16	static
stm32f4xx_hal_usart.c:2060:24:HAL_USART_GetState	16	static
stm32f4xx_hal_usart.c:2071:10:HAL_USART_GetError	16	static
stm32f4xx_hal_usart.c:2109:13:USART_DMATransmitCplt	24	static
stm32f4xx_hal_usart.c:2148:13:USART_DMATxHalfCplt	24	static
stm32f4xx_hal_usart.c:2167:13:USART_DMAReceiveCplt	24	static
stm32f4xx_hal_usart.c:2241:13:USART_DMARxHalfCplt	24	static
stm32f4xx_hal_usart.c:2260:13:USART_DMAError	24	static
stm32f4xx_hal_usart.c:2303:26:USART_WaitOnFlagUntilTimeout	24	static
stm32f4xx_hal_usart.c:2343:13:USART_EndTxTransfer	16	static
stm32f4xx_hal_usart.c:2357:13:USART_EndRxTransfer	16	static
stm32f4xx_hal_usart.c:2373:13:USART_DMAAbortOnError	24	static
stm32f4xx_hal_usart.c:2396:13:USART_DMATxAbortCallback	24	static
stm32f4xx_hal_usart.c:2439:13:USART_DMARxAbortCallback	24	static
stm32f4xx_hal_usart.c:2481:26:USART_Transmit_IT	24	static
stm32f4xx_hal_usart.c:2520:26:USART_EndTransmit_IT	16	static
stm32f4xx_hal_usart.c:2547:26:USART_Receive_IT	24	static
stm32f4xx_hal_usart.c:2623:26:USART_TransmitReceive_IT	24	static
stm32f4xx_hal_usart.c:2725:13:USART_SetConfig	184	static
