maths.c:42:7:sin_approx	24	static
maths.c:54:7:cos_approx	16	static
maths.c:63:7:atan2_approx	32	static
maths.c:90:7:acos_approx	24	static
maths.c:101:5:gcd	16	static
maths.c:110:9:wrap_18000	16	static
maths.c:119:9:wrap_36000	16	static
maths.c:128:9:applyDeadband	16	static
maths.c:140:5:constrain	24	static
maths.c:150:7:constrainf	24	static
maths.c:160:6:devClear	16	static
maths.c:165:6:devPush	16	static
maths.c:179:7:devVariance	16	static
maths.c:184:7:devStandardDeviation	16	static
maths.c:189:7:degreesToRadians	16	static
maths.c:194:5:scaleRange	32	static
maths.c:200:7:scaleRangef	40	static
maths.c:207:6:normalizeV	24	static
maths.c:219:6:buildRotationMatrix	56	static
maths.c:248:6:rotateV	64	static
maths.c:267:9:quickMedianFilter3	40	static
maths.c:276:9:quickMedianFilter3_16	32	static
maths.c:285:9:quickMedianFilter5	64	static
maths.c:296:9:quickMedianFilter5_16	40	static
maths.c:307:9:quickMedianFilter7	96	static
maths.c:320:9:quickMedianFilter9	128	static
maths.c:335:6:arraySubInt32	32	static
maths.c:347:6:sensorCalibrationResetState	24	static
maths.c:358:6:sensorCalibrationPushSampleForOffsetCalculation	24	static
maths.c:387:6:sensorCalibrationPushSampleForScaleCalculation	32	static
maths.c:400:13:sensorCalibration_gaussLR	32	static
maths.c:420:6:sensorCalibration_ForwardSubstitution	32	static
maths.c:431:6:sensorCalibration_BackwardSubstitution	32	static
maths.c:444:13:sensorCalibration_SolveLGS	48	static
maths.c:458:6:sensorCalibrationSolveForOffset	40	static
maths.c:468:6:sensorCalibrationSolveForScale	48	static
maths.c:478:7:bellCurve	16	static
