usb_core.c:95:13:USB_OTG_EnableCommonInt	24	static
usb_core.c:123:20:USB_OTG_CoreReset	32	static
usb_core.c:168:13:USB_OTG_WritePacket	40	static
usb_core.c:198:7:USB_OTG_ReadPacket	40	static
usb_core.c:222:13:USB_OTG_SelectCore	32	static
usb_core.c:329:13:USB_OTG_CoreInit	32	static
usb_core.c:449:13:USB_OTG_EnableGlobalInt	24	static
usb_core.c:467:13:USB_OTG_DisableGlobalInt	24	static
usb_core.c:484:13:USB_OTG_FlushTxFifo	32	static
usb_core.c:514:13:USB_OTG_FlushRxFifo	32	static
usb_core.c:544:13:USB_OTG_SetCurrentMode	24	static
usb_core.c:579:10:USB_OTG_GetMode	16	static
usb_core.c:590:9:USB_OTG_IsDeviceMode	16	static
usb_core.c:601:9:USB_OTG_IsHostMode	16	static
usb_core.c:612:10:USB_OTG_ReadCoreItr	24	static
usb_core.c:626:10:USB_OTG_ReadOtgItr	16	static
usb_core.c:1213:6:USB_OTG_InitDevSpeed	24	static
usb_core.c:1229:13:USB_OTG_CoreInitDev	56	static
usb_core.c:1408:13:USB_OTG_EnableDevInt	24	static
usb_core.c:1452:20:USB_OTG_GetDeviceSpeed	24	static
usb_core.c:1487:14:USB_OTG_EP0Activate	32	static
usb_core.c:1525:13:USB_OTG_EPActivate	32	static
usb_core.c:1576:13:USB_OTG_EPDeactivate	32	static
usb_core.c:1618:13:USB_OTG_EPStartXfer	40	static
usb_core.c:1751:13:USB_OTG_EP0StartXfer	40	static
usb_core.c:1852:13:USB_OTG_EPSetStall	32	static
usb_core.c:1888:13:USB_OTG_EPClearStall	32	static
usb_core.c:1921:10:USB_OTG_ReadDevAllOutEp_itr	24	static
usb_core.c:1936:10:USB_OTG_ReadDevOutEP_itr	24	static
usb_core.c:1950:10:USB_OTG_ReadDevAllInEPItr	24	static
usb_core.c:1963:6:USB_OTG_EP0_OutStart	24	static
usb_core.c:1992:6:USB_OTG_ActiveRemoteWakeup	32	static
usb_core.c:2028:6:USB_OTG_UngateClock	24	static
usb_core.c:2055:6:USB_OTG_StopDevice	24	static
usb_core.c:2084:10:USB_OTG_GetEPStatus	32	static
usb_core.c:2138:6:USB_OTG_SetEPStatus	32	static
