main.c:102:5:main	48	static
main.c:192:6:SystemClock_Config	88	static
main.c:236:13:MX_ADC1_Init	24	static
main.c:286:13:MX_I2C1_Init	8	static
main.c:320:13:MX_SPI1_Init	8	static
main.c:358:13:MX_SPI2_Init	8	static
main.c:396:13:MX_SPI3_Init	8	static
main.c:434:13:MX_TIM2_Init	48	static
main.c:483:13:MX_TIM3_Init	48	static
main.c:544:13:MX_TIM9_Init	24	static
main.c:585:13:MX_UART4_Init	8	static
main.c:618:13:MX_USART1_Init	8	static
main.c:650:13:MX_DMA_Init	16	static
main.c:690:13:MX_GPIO_Init	48	static
main.c:761:6:StartDefaultTask	24	static
main.c:794:6:HAL_TIM_PeriodElapsedCallback	16	static
main.c:811:6:Error_Handler	4	static
