main.c:102:5:main	48	static
main.c:191:6:SystemClock_Config	88	static
main.c:235:13:MX_ADC1_Init	24	static
main.c:285:13:MX_I2C1_Init	8	static
main.c:319:13:MX_SPI1_Init	8	static
main.c:357:13:MX_SPI2_Init	8	static
main.c:395:13:MX_SPI3_Init	8	static
main.c:433:13:MX_TIM2_Init	48	static
main.c:482:13:MX_TIM3_Init	48	static
main.c:543:13:MX_TIM9_Init	24	static
main.c:584:13:MX_UART4_Init	8	static
main.c:617:13:MX_USART1_Init	8	static
main.c:649:13:MX_DMA_Init	16	static
main.c:689:13:MX_GPIO_Init	48	static
main.c:759:6:StartDefaultTask	24	static
main.c:792:6:HAL_TIM_PeriodElapsedCallback	16	static
main.c:809:6:Error_Handler	4	static
