stm32f4xx_it.c:77:5:getSysTickCnt	8	static
stm32f4xx_it.c:103:6:SDTimer_Handler	4	static
stm32f4xx_it.c:119:6:NMI_Handler	4	static
stm32f4xx_it.c:132:6:HardFault_Handler	8	static
stm32f4xx_it.c:167:6:MemManage_Handler	8	static
stm32f4xx_it.c:193:6:BusFault_Handler	8	static
stm32f4xx_it.c:219:6:UsageFault_Handler	8	static
stm32f4xx_it.c:245:6:DebugMon_Handler	4	static
stm32f4xx_it.c:265:6:DMA1_Stream0_IRQHandler	8	static
stm32f4xx_it.c:279:6:DMA1_Stream2_IRQHandler	8	static
stm32f4xx_it.c:293:6:DMA1_Stream5_IRQHandler	8	static
stm32f4xx_it.c:307:6:DMA1_Stream6_IRQHandler	8	static
stm32f4xx_it.c:321:6:TIM1_BRK_TIM9_IRQHandler	16	static
stm32f4xx_it.c:359:6:TIM1_UP_TIM10_IRQHandler	8	static
stm32f4xx_it.c:373:6:DMA1_Stream7_IRQHandler	8	static
stm32f4xx_it.c:387:6:DMA2_Stream0_IRQHandler	8	static
stm32f4xx_it.c:401:6:DMA2_Stream4_IRQHandler	8	static
stm32f4xx_it.c:415:6:DMA2_Stream5_IRQHandler	8	static
stm32f4xx_it.c:427:7:printHardFault	16	static
