stm32f4xx_it.c:75:5:getSysTickCnt	8	static
stm32f4xx_it.c:101:6:SDTimer_Handler	4	static
stm32f4xx_it.c:117:6:NMI_Handler	4	static
stm32f4xx_it.c:130:6:HardFault_Handler	4	static
stm32f4xx_it.c:159:6:MemManage_Handler	4	static
stm32f4xx_it.c:185:6:BusFault_Handler	4	static
stm32f4xx_it.c:211:6:UsageFault_Handler	4	static
stm32f4xx_it.c:237:6:DebugMon_Handler	4	static
stm32f4xx_it.c:257:6:DMA1_Stream0_IRQHandler	8	static
stm32f4xx_it.c:271:6:DMA1_Stream2_IRQHandler	8	static
stm32f4xx_it.c:285:6:DMA1_Stream5_IRQHandler	8	static
stm32f4xx_it.c:299:6:DMA1_Stream6_IRQHandler	8	static
stm32f4xx_it.c:313:6:TIM1_BRK_TIM9_IRQHandler	16	static
stm32f4xx_it.c:351:6:TIM1_UP_TIM10_IRQHandler	8	static
stm32f4xx_it.c:365:6:DMA1_Stream7_IRQHandler	8	static
stm32f4xx_it.c:379:6:DMA2_Stream0_IRQHandler	8	static
stm32f4xx_it.c:393:6:DMA2_Stream4_IRQHandler	8	static
stm32f4xx_it.c:407:6:DMA2_Stream5_IRQHandler	8	static
stm32f4xx_it.c:419:7:printHardFault	16	static
